    2500 msg/s: sent=37500 processed=None loss=None% exec=0 drops=0 ingest_delta=39928 mem=94Mi cpu=988m restarts=0
    5000 msg/s: sent=75000 processed=None loss=None% exec=0 drops=0 ingest_delta=76950 mem=108Mi cpu=922m restarts=0

=== 10 rules ===
purged 0 prior bench rules
seeded 10 bench rules
settling 35.0s for rule cache…
baseline pod: {'cpu_m': 959, 'memory_mi': 123, 'restarts': 0}
baseline ingested_total: 157479.0
<thesis-root>/Hermod/tests/zb-bench/queue_stress.py:197: DeprecationWarning: Callback API version 1 is deprecated, update to latest version
  self.client = mqtt.Client(mqtt.CallbackAPIVersion.VERSION1,
<thesis-root>/Hermod/tests/zb-bench/queue_stress.py:320: DeprecationWarning: Callback API version 1 is deprecated, update to latest version
  pub = mqtt.Client(mqtt.CallbackAPIVersion.VERSION1,
     100 msg/s: sent=1500 processed=0 loss=100.0% exec=0 drops=0 ingest_delta=2871 mem=131Mi cpu=949m restarts=0
     250 msg/s: sent=3750 processed=0 loss=100.0% exec=0 drops=0 ingest_delta=4107 mem=136Mi cpu=963m restarts=0

=== 100 rules ===
purged 0 prior bench rules
seeded 100 bench rules
settling 35.0s for rule cache…
baseline pod: {'cpu_m': 928, 'memory_mi': 137, 'restarts': 0}
baseline ingested_total: 168444.0
<thesis-root>/Hermod/tests/zb-bench/queue_stress.py:197: DeprecationWarning: Callback API version 1 is deprecated, update to latest version
  self.client = mqtt.Client(mqtt.CallbackAPIVersion.VERSION1,
<thesis-root>/Hermod/tests/zb-bench/queue_stress.py:320: DeprecationWarning: Callback API version 1 is deprecated, update to latest version
  pub = mqtt.Client(mqtt.CallbackAPIVersion.VERSION1,
     100 msg/s: sent=1500 processed=1107 loss=26.2% exec=0 drops=0 ingest_delta=2611 mem=143Mi cpu=866m restarts=0
     250 msg/s: sent=3750 processed=1956 loss=47.84% exec=2367 drops=0 ingest_delta=5701 mem=147Mi cpu=860m restarts=0
     500 msg/s: sent=7500 processed=2169 loss=71.08% exec=4401 drops=0 ingest_delta=9668 mem=148Mi cpu=947m restarts=0
    1000 msg/s: sent=15000 processed=2378 loss=84.15% exec=0 drops=0 ingest_delta=17379 mem=152Mi cpu=948m restarts=0

=== 1000 rules ===
purged 0 prior bench rules
seeded 1000 bench rules
settling 35.0s for rule cache…
baseline pod: {'cpu_m': 916, 'memory_mi': 155, 'restarts': 0}
baseline ingested_total: 212460.0
<thesis-root>/Hermod/tests/zb-bench/queue_stress.py:197: DeprecationWarning: Callback API version 1 is deprecated, update to latest version
  self.client = mqtt.Client(mqtt.CallbackAPIVersion.VERSION1,
<thesis-root>/Hermod/tests/zb-bench/queue_stress.py:320: DeprecationWarning: Callback API version 1 is deprecated, update to latest version
  pub = mqtt.Client(mqtt.CallbackAPIVersion.VERSION1,
     100 msg/s: sent=1500 processed=0 loss=100.0% exec=0 drops=0 ingest_delta=1500 mem=161Mi cpu=922m restarts=0
     250 msg/s: sent=3750 processed=1668 loss=55.52% exec=1291 drops=0 ingest_delta=5414 mem=169Mi cpu=903m restarts=0

=== SUMMARY ===
 rules | stop_reason                              | last_phase
     0 | all phases ok                            | 5000msg/s loss=None% mem=108Mi exec=0 drops=0
    10 | pipeline_loss 100.0% (2 consec)          | 250msg/s loss=100.0% mem=136Mi exec=0 drops=0
   100 | pipeline_loss 84.15% (2 consec)          | 1000msg/s loss=84.15% mem=152Mi exec=0 drops=0
  1000 | pipeline_loss 55.52% (2 consec)          | 250msg/s loss=55.52% mem=169Mi exec=1291 drops=0
