WARNING:bellows.uart:Received an unexpected reset: <NcpResetCode.RESET_SOFTWARE: 11>
WARNING:bellows.types.named:Unknown status <EmberStatus.ERR_FLASH_VERIFY_FAILED: 71>, converting to generic <sl_Status.FAIL: 1>
Traceback (most recent call last):
  File "<thesis-root>/Tests/zb-bench/airbench.py", line 286, in <module>
    sys.exit(main())
             ~~~~^^
  File "<thesis-root>/Tests/zb-bench/airbench.py", line 282, in main
    return asyncio.run(amain(args))
           ~~~~~~~~~~~^^^^^^^^^^^^^
  File "/usr/lib64/python3.14/asyncio/runners.py", line 204, in run
    return runner.run(main)
           ~~~~~~~~~~^^^^^^
  File "/usr/lib64/python3.14/asyncio/runners.py", line 127, in run
    return self._loop.run_until_complete(task)
           ~~~~~~~~~~~~~~~~~~~~~~~~~~~~~^^^^^^
  File "/usr/lib64/python3.14/asyncio/base_events.py", line 719, in run_until_complete
    return future.result()
           ~~~~~~~~~~~~~^^
  File "<thesis-root>/Tests/zb-bench/airbench.py", line 242, in amain
    await run_rx(args.port, args.channel, args.duration, args.out)
  File "<thesis-root>/Tests/zb-bench/airbench.py", line 128, in run_rx
    await enter_mfglib(ezsp, channel, tx_power=20)
  File "<thesis-root>/Tests/zb-bench/airbench.py", line 87, in enter_mfglib
    raise RuntimeError(f"mfglibStart failed: {rsp}")
RuntimeError: mfglibStart failed: [<EmberStatus.undefined_0x83: 131>]
