[1;32m[run-pi][0m profile=broker-only-pi5-live-8gb shape=flat run_id=20260427T063813Z-broker-only-pi5-live-8gb-F1-nanomq-100 repeats=5 warmup=10s measure=30s cooldown=15s
[1;32m[run-pi][0m HERMOD_PI_SKIP_APPLY=1: trusting cluster state in namespace nanomq-only
[1;32m[run-pi][0m no hermod-coordinator pod present — running broker-only / translator-only profile
[1;32m[run-pi][0m skipping feature-flag drift check (COORD_PRESENT=0)
[1;32m[run-pi][0m repeat 1/5: scrape_before
[1;32m[run-pi][0m repeat 1/5: load_gen 30s @ host=<pi-ip>:31883 shape=flat
[1;32m[run-pi][0m repeat 1/5: scrape_after + cooldown 15s
[1;32m[run-pi][0m repeat 2/5: scrape_before
[1;32m[run-pi][0m repeat 2/5: load_gen 30s @ host=<pi-ip>:31883 shape=flat
[1;32m[run-pi][0m repeat 2/5: scrape_after + cooldown 15s
[1;32m[run-pi][0m repeat 3/5: scrape_before
[1;32m[run-pi][0m repeat 3/5: load_gen 30s @ host=<pi-ip>:31883 shape=flat
[1;32m[run-pi][0m repeat 3/5: scrape_after + cooldown 15s
[1;32m[run-pi][0m repeat 4/5: scrape_before
[1;32m[run-pi][0m repeat 4/5: load_gen 30s @ host=<pi-ip>:31883 shape=flat
[1;32m[run-pi][0m repeat 4/5: scrape_after + cooldown 15s
[1;32m[run-pi][0m repeat 5/5: scrape_before
[1;32m[run-pi][0m repeat 5/5: load_gen 30s @ host=<pi-ip>:31883 shape=flat
[1;32m[run-pi][0m repeat 5/5: scrape_after + cooldown 15s
[1;32m[run-pi][0m done: <thesis-root>/Hermod/tests/results/20260427T063813Z-broker-only-pi5-live-8gb-F1-nanomq-100
<thesis-root>/Hermod/tests/results/20260427T063813Z-broker-only-pi5-live-8gb-F1-nanomq-100
