WARNING:bellows.uart:Received an unexpected reset: <NcpResetCode.RESET_SOFTWARE: 11>
WARNING:bellows.types.named:Unknown status <EmberStatus.ERR_FLASH_VERIFY_FAILED: 71>, converting to generic <sl_Status.FAIL: 1>
Traceback (most recent call last):
  File "<thesis-root>/Tests/zb-bench/airbench.py", line 309, in <module>
    sys.exit(main())
             ~~~~^^
  File "<thesis-root>/Tests/zb-bench/airbench.py", line 305, in main
    return asyncio.run(amain(args))
           ~~~~~~~~~~~^^^^^^^^^^^^^
  File "/usr/lib64/python3.14/asyncio/runners.py", line 204, in run
    return runner.run(main)
           ~~~~~~~~~~^^^^^^
  File "/usr/lib64/python3.14/asyncio/runners.py", line 127, in run
    return self._loop.run_until_complete(task)
           ~~~~~~~~~~~~~~~~~~~~~~~~~~~~~^^^^^^
  File "/usr/lib64/python3.14/asyncio/base_events.py", line 719, in run_until_complete
    return future.result()
           ~~~~~~~~~~~~~^^
  File "<thesis-root>/Tests/zb-bench/airbench.py", line 267, in amain
    await run_rx(args.port, args.channel, args.duration, args.out)
  File "<thesis-root>/Tests/zb-bench/airbench.py", line 155, in run_rx
    await form_minimal_network(ezsp, channel, pan_id=0xBEE0)
  File "<thesis-root>/Tests/zb-bench/airbench.py", line 121, in form_minimal_network
    raise RuntimeError(f"setInitialSecurityState: {rsp}")
RuntimeError: setInitialSecurityState: [<EmberStatus.undefined_0x68: 104>]
