[1;32m[run-pi][0m profile=baseline-pi5-live-8gb shape=flat run_id=20260427T022235Z-baseline-pi5-live-8gb-A-baseline-1k repeats=5 warmup=10s measure=30s cooldown=15s
[1;32m[run-pi][0m HERMOD_PI_SKIP_APPLY=1: trusting cluster state in namespace coord-only
[1;32m[run-pi][0m skipping feature-flag drift check (SKIP_APPLY=1, COORD_PRESENT=1)
[1;32m[run-pi][0m truncating rules + devices + history
[1;32m[run-pi][0m reseeding 300 paired rules via seed_rules
[1;32m[run-pi][0m   seed via http://<pi-ip>:42069
{"created": 1200, "failed": 0}
[1;32m[run-pi][0m verified 1200 rules in DB
[1;32m[run-pi][0m repeat 1/5: scrape_before
[1;32m[run-pi][0m repeat 1/5: load_gen 30s @ host=<pi-ip>:31883 shape=flat
[1;32m[run-pi][0m repeat 1/5: scrape_after + cooldown 15s
[1;32m[run-pi][0m repeat 2/5: scrape_before
[1;32m[run-pi][0m repeat 2/5: load_gen 30s @ host=<pi-ip>:31883 shape=flat
[1;32m[run-pi][0m repeat 2/5: scrape_after + cooldown 15s
[1;32m[run-pi][0m repeat 3/5: scrape_before
[1;32m[run-pi][0m repeat 3/5: load_gen 30s @ host=<pi-ip>:31883 shape=flat
[1;32m[run-pi][0m repeat 3/5: scrape_after + cooldown 15s
[1;32m[run-pi][0m repeat 4/5: scrape_before
[1;32m[run-pi][0m repeat 4/5: load_gen 30s @ host=<pi-ip>:31883 shape=flat
[1;32m[run-pi][0m repeat 4/5: scrape_after + cooldown 15s
[1;32m[run-pi][0m repeat 5/5: scrape_before
[1;32m[run-pi][0m repeat 5/5: load_gen 30s @ host=<pi-ip>:31883 shape=flat
[1;32m[run-pi][0m repeat 5/5: scrape_after + cooldown 15s
[1;32m[run-pi][0m done: <thesis-root>/Hermod/tests/results/20260427T022235Z-baseline-pi5-live-8gb-A-baseline-1k
<thesis-root>/Hermod/tests/results/20260427T022235Z-baseline-pi5-live-8gb-A-baseline-1k
