[1;32m[run-pi][0m profile=coord-storage-noop-pi5-live-8gb shape=flat run_id=20260427T054735Z-coord-storage-noop-pi5-live-8gb-F3-coordnoop-2k repeats=5 warmup=10s measure=30s cooldown=15s
[1;32m[run-pi][0m HERMOD_PI_SKIP_APPLY=1: trusting cluster state in namespace coord-only
[1;32m[run-pi][0m applying per-profile feature flags via kubectl set env
[1;32m[run-pi][0m feature flags applied: Hermod__Features__DeviceStateTracking=true Hermod__Engine__LogBatchSize=100 Hermod__Engine__LogBatching=true Hermod__Engine__Parallelism=0 Hermod__Features__MessagePersistence=true Hermod__Features__RuleAuditLog=true Hermod__Features__RuleCache=true Hermod__Features__StatsRollup=true Hermod__Storage__Mode=Noop Logging__LogLevel__Hermod=Information Logging__LogLevel__Microsoft.AspNetCore=Warning
verified 28 feature flags against pod env
[1;32m[run-pi][0m truncating rules + devices + history
[1;32m[run-pi][0m reseeding 300 paired rules via seed_rules
[1;32m[run-pi][0m   seed via http://<pi-ip>:42069
{"created": 1200, "failed": 0}
[1;32m[run-pi][0m storage_mode=Noop: skipping DB rule count verification (writes are no-op by design)
[1;32m[run-pi][0m repeat 1/5: scrape_before
[1;32m[run-pi][0m repeat 1/5: load_gen 30s @ host=<pi-ip>:31883 shape=flat
[1;32m[run-pi][0m repeat 1/5: scrape_after + cooldown 15s
[1;32m[run-pi][0m repeat 2/5: scrape_before
[1;32m[run-pi][0m repeat 2/5: load_gen 30s @ host=<pi-ip>:31883 shape=flat
[1;32m[run-pi][0m repeat 2/5: scrape_after + cooldown 15s
[1;32m[run-pi][0m repeat 3/5: scrape_before
[1;32m[run-pi][0m repeat 3/5: load_gen 30s @ host=<pi-ip>:31883 shape=flat
[1;32m[run-pi][0m repeat 3/5: scrape_after + cooldown 15s
[1;32m[run-pi][0m repeat 4/5: scrape_before
[1;32m[run-pi][0m repeat 4/5: load_gen 30s @ host=<pi-ip>:31883 shape=flat
[1;32m[run-pi][0m repeat 4/5: scrape_after + cooldown 15s
[1;32m[run-pi][0m repeat 5/5: scrape_before
[1;32m[run-pi][0m repeat 5/5: load_gen 30s @ host=<pi-ip>:31883 shape=flat
[1;32m[run-pi][0m repeat 5/5: scrape_after + cooldown 15s
[1;32m[run-pi][0m done: <thesis-root>/Hermod/tests/results/20260427T054735Z-coord-storage-noop-pi5-live-8gb-F3-coordnoop-2k
<thesis-root>/Hermod/tests/results/20260427T054735Z-coord-storage-noop-pi5-live-8gb-F3-coordnoop-2k
