# <thesis-root>/Tests/scripts/run-one.sh saturate-6k-flat-pi5-live-8gb --tag G-saturate-6k --shape flat
# env:
#   HERMOD_KIND_CTX=pi5-live
#   HERMOD_PI_NODE_IP=<pi-ip>
#   HERMOD_PI_NAMESPACE=coord-only
#   HERMOD_PI_NANOMQ_NODEPORT=31883
#   HERMOD_PI_SKIP_APPLY=1
#   HERMOD_AUTH_BYPASS=1
#   HERMOD_TOKEN_BASE=http://<pi-ip>:42069
#   HERMOD_OVERRIDE_REPEATS=3
#   TESTS_RAW_DIR=<thesis-root>/Tests/raw
[1;32m[run-pi][0m profile=saturate-6k-flat-pi5-live-8gb shape=flat run_id=20260427T060608Z-saturate-6k-flat-pi5-live-8gb-G-saturate-6k repeats=3 warmup=10s measure=30s cooldown=15s
[1;32m[run-pi][0m HERMOD_PI_SKIP_APPLY=1: trusting cluster state in namespace coord-only
[1;32m[run-pi][0m applying per-profile feature flags via kubectl set env
[1;32m[run-pi][0m feature flags applied: Hermod__Features__DeviceStateTracking=true Hermod__Engine__LogBatchSize=100 Hermod__Engine__LogBatching=true Hermod__Engine__Parallelism=0 Hermod__Features__MessagePersistence=true Hermod__Features__RuleAuditLog=true Hermod__Features__RuleCache=true Hermod__Features__StatsRollup=true Hermod__Storage__Mode=Postgres Logging__LogLevel__Hermod=Information Logging__LogLevel__Microsoft.AspNetCore=Warning
verified 28 feature flags against pod env
[1;32m[run-pi][0m truncating rules + devices + history
[1;32m[run-pi][0m reseeding 1500 paired rules via seed_rules
[1;32m[run-pi][0m   seed via http://<pi-ip>:42069
<thesis-root>/Tests/scripts/per-minute-sampler.sh: line 149: sample_broker_sys: command not found
<thesis-root>/Tests/scripts/per-minute-sampler.sh: line 149: sample_broker_sys: command not found
<thesis-root>/Tests/scripts/per-minute-sampler.sh: line 149: sample_broker_sys: command not found
{"created": 6000, "failed": 0}
[1;32m[run-pi][0m verified 6000 rules in DB
<thesis-root>/Tests/scripts/per-minute-sampler.sh: line 149: sample_broker_sys: command not found
[1;32m[run-pi][0m repeat 1/3: scrape_before
<thesis-root>/Tests/scripts/per-minute-sampler.sh: line 149: sample_broker_sys: command not found
[1;32m[run-pi][0m repeat 1/3: load_gen 30s @ host=<pi-ip>:31883 shape=flat
<thesis-root>/Tests/scripts/per-minute-sampler.sh: line 149: sample_broker_sys: command not found
<thesis-root>/Tests/scripts/per-minute-sampler.sh: line 149: sample_broker_sys: command not found
[1;32m[run-pi][0m repeat 1/3: scrape_after + cooldown 15s
<thesis-root>/Tests/scripts/per-minute-sampler.sh: line 149: sample_broker_sys: command not found
<thesis-root>/Tests/scripts/per-minute-sampler.sh: line 149: sample_broker_sys: command not found
[1;32m[run-pi][0m repeat 2/3: scrape_before
[1;32m[run-pi][0m repeat 2/3: load_gen 30s @ host=<pi-ip>:31883 shape=flat
<thesis-root>/Tests/scripts/per-minute-sampler.sh: line 149: sample_broker_sys: command not found
<thesis-root>/Tests/scripts/per-minute-sampler.sh: line 149: sample_broker_sys: command not found
<thesis-root>/Tests/scripts/per-minute-sampler.sh: line 149: sample_broker_sys: command not found
[1;32m[run-pi][0m repeat 2/3: scrape_after + cooldown 15s
<thesis-root>/Tests/scripts/per-minute-sampler.sh: line 149: sample_broker_sys: command not found
[1;32m[run-pi][0m repeat 3/3: scrape_before
[1;32m[run-pi][0m repeat 3/3: load_gen 30s @ host=<pi-ip>:31883 shape=flat
<thesis-root>/Tests/scripts/per-minute-sampler.sh: line 149: sample_broker_sys: command not found
<thesis-root>/Tests/scripts/per-minute-sampler.sh: line 149: sample_broker_sys: command not found
<thesis-root>/Tests/scripts/per-minute-sampler.sh: line 149: sample_broker_sys: command not found
[1;32m[run-pi][0m repeat 3/3: scrape_after + cooldown 15s
<thesis-root>/Tests/scripts/per-minute-sampler.sh: line 149: sample_broker_sys: command not found
<thesis-root>/Tests/scripts/per-minute-sampler.sh: line 149: sample_broker_sys: command not found
[1;32m[run-pi][0m done: <thesis-root>/Hermod/tests/results/20260427T060608Z-saturate-6k-flat-pi5-live-8gb-G-saturate-6k
<thesis-root>/Hermod/tests/results/20260427T060608Z-saturate-6k-flat-pi5-live-8gb-G-saturate-6k
<thesis-root>/Tests/raw/20260427T060608Z-saturate-6k-flat-pi5-live-8gb-G-saturate-6k
