WARNING:bellows.uart:Received an unexpected reset: <NcpResetCode.RESET_SOFTWARE: 11>
WARNING:bellows.types.named:Unknown status <EmberStatus.ERR_FLASH_VERIFY_FAILED: 71>, converting to generic <sl_Status.FAIL: 1>
Traceback (most recent call last):
  File "<thesis-root>/Tests/zb-bench/airbench.py", line 304, in <module>
    sys.exit(main())
             ~~~~^^
  File "<thesis-root>/Tests/zb-bench/airbench.py", line 300, in main
    return asyncio.run(amain(args))
           ~~~~~~~~~~~^^^^^^^^^^^^^
  File "/usr/lib64/python3.14/asyncio/runners.py", line 204, in run
    return runner.run(main)
           ~~~~~~~~~~^^^^^^
  File "/usr/lib64/python3.14/asyncio/runners.py", line 127, in run
    return self._loop.run_until_complete(task)
           ~~~~~~~~~~~~~~~~~~~~~~~~~~~~~^^^^^^
  File "/usr/lib64/python3.14/asyncio/base_events.py", line 719, in run_until_complete
    return future.result()
           ~~~~~~~~~~~~~^^
  File "<thesis-root>/Tests/zb-bench/airbench.py", line 262, in amain
    await run_rx(args.port, args.channel, args.duration, args.out)
  File "<thesis-root>/Tests/zb-bench/airbench.py", line 150, in run_rx
    await form_minimal_network(ezsp, channel, pan_id=0xBEE0)
  File "<thesis-root>/Tests/zb-bench/airbench.py", line 102, in form_minimal_network
    from bellows.types.named import (
    ...<2 lines>...
    )
ImportError: cannot import name 'EmberInitialSecurityState' from 'bellows.types.named' (<thesis-root>/Tests/.zb-venv/lib64/python3.14/site-packages/bellows/types/named.py)
